// Jest Snapshot v1, https://goo.gl/fbAQLP

exports[`color conainer component renders color container 1`] = `
<div>
  <ColorPicker
    color="red"
    onClick={[Function]}
  />
  <ColorPicker
    color="blue"
    onClick={[Function]}
  />
  <ColorPicker
    color="green"
    onClick={[Function]}
  />
  <ColorDiv
    color=""
  />
</div>
`;
